Microchip MPLAB XC8 Compiler V1.38 ()

Linker command line:

-W-3 --edf=C:\Program Files (x86)\Microchip\xc8\v1.38\dat\en_msgs.txt -cs \
  -h+dist/default/production\Space_Shot.X.production.sym \
  --cmf=dist/default/production\Space_Shot.X.production.cmf -z -Q18F4585 \
  -oC:\Users\Lalo\AppData\Local\Temp\s7es.2 \
  -Mdist/default/production/Space_Shot.X.production.map -E1 -ver=XC8 \
  -ASTACK=088h-0cffh -pstack=STACK -p_NIVEL2_const=50h \
  -p_DIFICULTAD_const=30h -p_RESULTADO_const=70h -p_NIVEL1_const=40h \
  -p_NIVEL3_const=60h -p_INICIO_const=20h -ACODE=00h-0BFFFh \
  -ACONST=00h-0BFFFh -ASMALLCONST=0D00h-0DFFhx179 \
  -AMEDIUMCONST=0D00h-0BFFFh -ACOMRAM=01h-05Fh -AABS1=00h-0CFFh \
  -ABIGRAM=01h-0CFFh -ARAM=060h-0FFh,0100h-01FFhx12 -ABANK0=060h-0FFh \
  -ABANK1=0100h-01FFh -ABANK2=0200h-02FFh -ABANK3=0300h-03FFh \
  -ABANK4=0400h-04FFh -ABANK5=0500h-05FFh -ABANK6=0600h-06FFh \
  -ABANK7=0700h-07FFh -ABANK8=0800h-08FFh -ABANK9=0900h-09FFh \
  -ABANK10=0A00h-0AFFh -ABANK11=0B00h-0BFFh -ABANK12=0C00h-0CFFh \
  -ASFR=0D00h-0DFFhx2,0F00h-0F5Fh,0F60h-0FFFh \
  -preset_vec=00h,intcode=08h,intcodelo,powerup,init,end_init \
  -pramtop=0D00h -psmallconst=SMALLCONST -pmediumconst=MEDIUMCONST \
  -pconst=CONST -AFARRAM=00h-00h -ACONFIG=0300000h-030000Dh -pconfig=CONFIG \
  -AIDLOC=0200000h-0200007h -pidloc=IDLOC -AEEDATA=0F00000h-0F003FFh \
  -peeprom_data=EEDATA \
  -prdata=COMRAM,nvrram=COMRAM,nvbit=COMRAM,rbss=COMRAM,rbit=COMRAM \
  -pfarbss=FARRAM,fardata=FARRAM,nvFARRAM=FARRAM \
  -pintsave_regs=BIGRAM,bigbss=BIGRAM,bigdata=BIGRAM -pbss=RAM \
  -pidata=CODE,irdata=CODE,ibigdata=CODE,ifardata=CODE -prparam=COMRAM \
  C:\Users\Lalo\AppData\Local\Temp\s7es.obj \
  dist/default/production\Space_Shot.X.production.obj 

Object code version is 3.11

Machine type is 18F4585

Call graph: (short form)




                Name                               Link     Load   Length Selector   Space Scale
C:\Users\Lalo\AppData\Local\Temp\s7es.obj
                end_init                             16       16        4        4       0
                reset_vec                             0        0        4        0       0
                idloc                            200000   200000        8   200000       0
                config                           300000   300000        E   300000       0
dist/default/production\Space_Shot.X.production.obj
                intcode                               8        8        E        4       0
                temp                                 1D       1D        1        1       1
                smallconst                          D00      D00        2      680       0
                text46                             1E02     1E02       1C      681       0
                text45                             1DD8     1DD8       2A      681       0
                text44                             1DAE     1DAE       2A      681       0
                text43                             1D84     1D84       2A      681       0
                text42                             1D5A     1D5A       2A      681       0
                text41                             1D30     1D30       2A      681       0
                text40                             1F58     1F58       12      681       0
                text39                             1F46     1F46       12      681       0
                text38                             1F34     1F34       12      681       0
                text37                             1F22     1F22       12      681       0
                text36                             1F10     1F10       12      681       0
                text35                             1C32     1C32       3A      681       0
                text34                             1FB2     1FB2        E      681       0
                text33                             1FA4     1FA4        E      681       0
                text32                             1F96     1F96        E      681       0
                text31                             1E52     1E52       1A      681       0
                text30                             1EFE     1EFE       12      681       0
                text29                             1D04     1D04       2C      681       0
                text28                             1CA4     1CA4       34      681       0
                text27                             15E8     15E8       DC      681       0
                text26                             1AD4     1AD4       70      681       0
                text25                             1B9C     1B9C       56      681       0
                text24                             1B44     1B44       58      681       0
                text23                             1F6A     1F6A       10      681       0
                text22                              D02      D02      572      681       0
                text21                             1E9C     1E9C       18      681       0
                text20                             142E     142E      1BA      681       0
                text19                             1E84     1E84       18      681       0
                text18                             1274     1274      1BA      681       0
                text17                             1E6C     1E6C       18      681       0
                text16                             1EEC     1EEC       12      681       0
                text15                             1EDA     1EDA       12      681       0
                text14                             1EC8     1EC8       12      681       0
                intcode_body                       1764     1764       A0      681       0
                text12                             1EB4     1EB4       14      681       0
                text11                             1F88     1F88        E      681       0
                text10                             1E38     1E38       1A      681       0
                text9                              1A48     1A48       8C      681       0
                text8                              1F7A     1F7A        E      681       0
                text7                              1E1E     1E1E       1A      681       0
                text6                              1CD8     1CD8       2C      681       0
                text5                              1928     1928       92      681       0
                text4                              1896     1896       92      681       0
                text3                              1804     1804       92      681       0
                text2                              16C4     16C4       A0      681       0
                text1                              1C6C     1C6C       38      681       0
                text0                              19BA     19BA       8E      681       0
                cstackCOMRAMl                         F        F        E        1       1
                cstackCOMRAMhl                       2A       2A        6       2A       1
                cstackCOMRAMhhl                      3A       3A        6       3A       1
                cstackCOMRAMhhhl                     47       47        8       47       1
                cstackCOMRAMhhhh                     57       57        9       57       1
                cstackBANK0h                         83       83        4       7F       1
                dataBANK0l                           7F       7F        4       7F       1
                bssBANK0h                            87       87        1       7F       1
                bssCOMRAMl                            1        1        E        1       1
                bssCOMRAMhhhl                        4F       4F        1       47       1
                cinit                              1BF2     1BF2       40      681       0
                _NIVEL2_const                        50       50        8       28       0
                _NIVEL1_const                        40       40        8       20       0
                _NIVEL3_const                        60       60        A       30       0
                _INICIO_const                        20       20        C       10       0
                _DIFICULTAD_const                    30       30        C       18       0
                _RESULTADO_const                     70       70       12       38       0
                idataBANK0l                        1FC0     1FC0        4      681       0

TOTAL           Name                               Link     Load   Length     Space
        CLASS   STACK          

        CLASS   CODE           
                end_init                             16       16        4         0
                intcode                               8        8        E         0
                reset_vec                             0        0        4         0
                text46                             1E02     1E02       1C         0
                text45                             1DD8     1DD8       2A         0
                text44                             1DAE     1DAE       2A         0
                text43                             1D84     1D84       2A         0
                text42                             1D5A     1D5A       2A         0
                text41                             1D30     1D30       2A         0
                text40                             1F58     1F58       12         0
                text39                             1F46     1F46       12         0
                text38                             1F34     1F34       12         0
                text37                             1F22     1F22       12         0
                text36                             1F10     1F10       12         0
                text35                             1C32     1C32       3A         0
                text34                             1FB2     1FB2        E         0
                text33                             1FA4     1FA4        E         0
                text32                             1F96     1F96        E         0
                text31                             1E52     1E52       1A         0
                text30                             1EFE     1EFE       12         0
                text29                             1D04     1D04       2C         0
                text28                             1CA4     1CA4       34         0
                text27                             15E8     15E8       DC         0
                text26                             1AD4     1AD4       70         0
                text25                             1B9C     1B9C       56         0
                text24                             1B44     1B44       58         0
                text23                             1F6A     1F6A       10         0
                text22                              D02      D02      572         0
                text21                             1E9C     1E9C       18         0
                text20                             142E     142E      1BA         0
                text19                             1E84     1E84       18         0
                text18                             1274     1274      1BA         0
                text17                             1E6C     1E6C       18         0
                text16                             1EEC     1EEC       12         0
                text15                             1EDA     1EDA       12         0
                text14                             1EC8     1EC8       12         0
                intcode_body                       1764     1764       A0         0
                text12                             1EB4     1EB4       14         0
                text11                             1F88     1F88        E         0
                text10                             1E38     1E38       1A         0
                text9                              1A48     1A48       8C         0
                text8                              1F7A     1F7A        E         0
                text7                              1E1E     1E1E       1A         0
                text6                              1CD8     1CD8       2C         0
                text5                              1928     1928       92         0
                text4                              1896     1896       92         0
                text3                              1804     1804       92         0
                text2                              16C4     16C4       A0         0
                text1                              1C6C     1C6C       38         0
                text0                              19BA     19BA       8E         0
                cinit                              1BF2     1BF2       40         0
                _NIVEL2_const                        50       50        8         0
                _NIVEL1_const                        40       40        8         0
                _NIVEL3_const                        60       60        A         0
                _INICIO_const                        20       20        C         0
                _DIFICULTAD_const                    30       30        C         0
                _RESULTADO_const                     70       70       12         0
                idataBANK0l                        1FC0     1FC0        4         0

        CLASS   CONST          

        CLASS   SMALLCONST     
                smallconst                          D00      D00        2         0

        CLASS   MEDIUMCONST    

        CLASS   COMRAM         
                temp                                 1D       1D        1         1
                cstackCOMRAMl                         F        F        E         1
                cstackCOMRAMhl                       2A       2A        6         1
                cstackCOMRAMhhl                      3A       3A        6         1
                cstackCOMRAMhhhl                     47       47        8         1
                cstackCOMRAMhhhh                     57       57        9         1
                bssCOMRAMl                            1        1        E         1
                bssCOMRAMhhhl                        4F       4F        1         1

        CLASS   ABS1           
                abs_s1                               20       20        A         1
                abs_s1                               30       30        A         1
                abs_s1                               40       40        7         1
                abs_s1                               50       50        7         1
                abs_s1                               60       60        9         1
                abs_s1                               70       70        F         1

        CLASS   BIGRAM         

        CLASS   RAM            

        CLASS   BANK0          
                cstackBANK0h                         83       83        4         1
                dataBANK0l                           7F       7F        4         1
                bssBANK0h                            87       87        1         1

        CLASS   BANK1          

        CLASS   BANK2          

        CLASS   BANK3          

        CLASS   BANK4          

        CLASS   BANK5          

        CLASS   BANK6          

        CLASS   BANK7          

        CLASS   BANK8          

        CLASS   BANK9          

        CLASS   BANK10         

        CLASS   BANK11         

        CLASS   BANK12         

        CLASS   SFR            

        CLASS   FARRAM         

        CLASS   CONFIG         
                config                           300000   300000        E         0

        CLASS   IDLOC          
                idloc                            200000   200000        8         0

        CLASS   EEDATA         



SEGMENTS        Name                           Load    Length   Top    Selector   Space  Class

                reset_vec                      000000  000004  000004         0       0  CODE    
                bssCOMRAMl                     000001  00001D  00001E         1       1  COMRAM  
                intcode                        000008  000012  00001A         4       0  CODE    
                _INICIO_const                  000020  00000C  00002C        10       0  CODE    
                cstackCOMRAMhl                 00002A  000006  000030        2A       1  COMRAM  
                _DIFICULTAD_const              000030  00000C  00003C        18       0  CODE    
                cstackCOMRAMhhl                00003A  000006  000040        3A       1  COMRAM  
                _NIVEL1_const                  000040  000008  000048        20       0  CODE    
                cstackCOMRAMhhhl               000047  000009  000050        47       1  COMRAM  
                _NIVEL2_const                  000050  000008  000058        28       0  CODE    
                cstackCOMRAMhhhh               000057  000009  000060        57       1  COMRAM  
                _NIVEL3_const                  000060  00000A  00006A        30       0  CODE    
                _RESULTADO_const               000070  000012  000082        38       0  CODE    
                dataBANK0l                     00007F  000009  000088        7F       1  BANK0   
                smallconst                     000D00  000002  000D02       680       0  SMALLCON
                text22                         000D02  0012C2  001FC4       681       0  CODE    
                idloc                          200000  000008  200008    200000       0  IDLOC   
                config                         300000  00000E  30000E    300000       0  CONFIG  


UNUSED ADDRESS RANGES

        Name                Unused          Largest block    Delta
        BANK0            000069-00006F                7
                         000088-0000FF               78
        BANK1            000100-0001FF              100
        BANK10           000A00-000AFF              100
        BANK11           000B00-000BFF              100
        BANK12           000C00-000CFF              100
        BANK2            000200-0002FF              100
        BANK3            000300-0003FF              100
        BANK4            000400-0004FF              100
        BANK5            000500-0005FF              100
        BANK6            000600-0006FF              100
        BANK7            000700-0007FF              100
        BANK8            000800-0008FF              100
        BANK9            000900-0009FF              100
        BIGRAM           00001E-00001F                2
                         000069-00006F                7
                         000088-000CFF              C78
        CODE             000004-000007                4
                         00001A-00001F                6
                         00002C-00002F                4
                         00003C-00003F                4
                         000048-00004F                8
                         000058-00005F                8
                         00006A-00006F                6
                         000082-000CFF              C7E
                         001FC4-00BFFF             A03C
        COMRAM           00001E-00001F                2
        CONST            000004-000007                4
                         00001A-00001F                6
                         00002C-00002F                4
                         00003C-00003F                4
                         000048-00004F                8
                         000058-00005F                8
                         00006A-00006F                6
                         000082-000CFF              C7E
                         001FC4-00BFFF             A03C
        EEDATA           F00000-F003FF              400
        MEDIUMCONST      001FC4-00BFFF             A03C
        RAM              000069-00006F                7
                         000088-000CFF              100
        SFR              000D00-000FFF              100
        SMALLCONST       001FC4-00BFFF              100
        STACK            000088-000CFF              C78

                                  Symbol Table

?___awmod                   cstackCOMRAMhhl   00003A
?___lmul                    cstackCOMRAMhhhh  000057
?_rand                      cstackCOMRAMhhhl  00004B
Antibounce@L1REG            cstackCOMRAMhhhh  000058
Antibounce@L2REG            cstackCOMRAMhhhh  000059
Bienvenido@x                cstackBANK0h      000085
Dificultad@y                cstackBANK0h      000086
LongDelay@LDelay            cstackBANK0h      000084
Menu1@n1                    cstackBANK0h      000086
Menu2@n2                    cstackBANK0h      000086
Menu3@n3                    cstackBANK0h      000086
N1@n1                       cstackCOMRAMhl    00002F
N1@secuencia                cstackCOMRAMhl    00002A
N1@secuencia_gen            cstackCOMRAMhl    00002D
N1@test                     cstackCOMRAMhl    00002C
N2@n2                       cstackCOMRAMhhl   00003F
N2@test                     cstackCOMRAMhhl   00003E
N3@n3                       cstackCOMRAMhhl   00003F
N3@test                     cstackCOMRAMhhl   00003E
Resultado@R                 cstackCOMRAMhhhh  00005C
ShortDelay@SDelay           cstackBANK0h      000083
_ADCON1                     (abs)             000FC1
_Antibounce                 text46            001E02
_Bienvenido                 text9             001A48
_CMCON                      (abs)             000FB4
_CVRCONbits                 (abs)             000FB5
_Command                    text8             001F7A
_DIFICULTAD                 _DIFICULTAD_const 000030
_DIFICULTAD_absconstaddr    (abs)             000030
_Dificultad                 text5             001928
_INICIO                     _INICIO_const     000020
_INICIO_absconstaddr        (abs)             000020
_INTCON2bits                (abs)             000FF1
_INTCONbits                 (abs)             000FF2
_IRH                        intcode           000008
_LATA                       (abs)             000F89
_LATB                       (abs)             000F8A
_LATC                       (abs)             000F8B
_LATD                       (abs)             000F8C
_LATE                       (abs)             000F8D
_LCDdisplay                 text11            001F88
_LCDready                   text10            001E38
_LCDsetup                   text6             001CD8
_LongDelay                  text7             001E1E
_Menu1                      text4             001896
_Menu2                      text3             001804
_Menu3                      text2             0016C4
_N1                         text22            000D02
_N2                         text20            00142E
_N3                         text18            001274
_NIVEL1                     _NIVEL1_const     000040
_NIVEL1_absconstaddr        (abs)             000040
_NIVEL2                     _NIVEL2_const     000050
_NIVEL2_absconstaddr        (abs)             000050
_NIVEL3                     _NIVEL3_const     000060
_NIVEL3_absconstaddr        (abs)             000060
_OSCCON                     (abs)             000FD3
_One_Shot_B1                text45            001DD8
_One_Shot_B2                text44            001DAE
_One_Shot_B3                text43            001D84
_One_Shot_B4                text42            001D5A
_One_Shot_B5                text41            001D30
_One_Shot_N1                text21            001E9C
_One_Shot_N2                text19            001E84
_One_Shot_N3                text17            001E6C
_PORTA                      (abs)             000F80
_PORTAbits                  (abs)             000F80
_PORTB                      (abs)             000F81
_PORTBbits                  (abs)             000F81
_PORTC                      (abs)             000F82
_PORTCbits                  (abs)             000F82
_PORTD                      (abs)             000F83
_PORTDbits                  (abs)             000F83
_PORTE                      (abs)             000F84
_PORTEbits                  (abs)             000F84
_RCONbits                   (abs)             000FD0
_RESULTADO                  _RESULTADO_const  000070
_RESULTADO_absconstaddr     (abs)             000070
_Reset_One_Shot_B1          text40            001F58
_Reset_One_Shot_B2          text39            001F46
_Reset_One_Shot_B3          text38            001F34
_Reset_One_Shot_B4          text37            001F22
_Reset_One_Shot_B5          text36            001F10
_Reset_One_Shot_N1          text16            001EEC
_Reset_One_Shot_N2          text15            001EDA
_Reset_One_Shot_N3          text14            001EC8
_Resultado                  text27            0015E8
_Servo_In                   text1             001C6C
_ShortDelay                 text12            001EB4
_TRISAbits                  (abs)             000F92
_TRISB                      (abs)             000F93
_TRISC                      (abs)             000F94
_TRISD                      (abs)             000F95
_TRISEbits                  (abs)             000F96
__CFG_LVP$OFF               (abs)             000000
__CFG_MCLRE$ON              (abs)             000000
__CFG_OSC$IRCIO67           (abs)             000000
__CFG_PBADEN$OFF            (abs)             000000
__CFG_WDT$OFF               (abs)             000000
__HRAM                      (abs)             000000
__H_DIFICULTAD_const        _DIFICULTAD_const 00003C
__H_INICIO_const            _INICIO_const     00002C
__H_NIVEL1_const            _NIVEL1_const     000048
__H_NIVEL2_const            _NIVEL2_const     000058
__H_NIVEL3_const            _NIVEL3_const     00006A
__H_RESULTADO_const         _RESULTADO_const  000082
__Habs1                     abs1              000000
__Hbank0                    bank0             000000
__Hbank1                    bank1             000000
__Hbank10                   bank10            000000
__Hbank11                   bank11            000000
__Hbank12                   bank12            000000
__Hbank2                    bank2             000000
__Hbank3                    bank3             000000
__Hbank4                    bank4             000000
__Hbank5                    bank5             000000
__Hbank6                    bank6             000000
__Hbank7                    bank7             000000
__Hbank8                    bank8             000000
__Hbank9                    bank9             000000
__Hbigbss                   bigbss            000000
__Hbigdata                  bigdata           000000
__Hbigram                   bigram            000000
__Hbss                      bss               000000
__HbssBANK0h                bssBANK0h         000000
__HbssCOMRAMhhhl            bssCOMRAMhhhl     000000
__HbssCOMRAMl               bssCOMRAMl        000000
__Hcinit                    cinit             000000
__Hclrtext                  clrtext           000000
__Hcomram                   comram            000000
__Hconfig                   config            30000E
__Hconst                    const             000000
__HcstackBANK0h             cstackBANK0h      000000
__HcstackCOMRAMhhhh         cstackCOMRAMhhhh  000000
__HcstackCOMRAMhhhl         cstackCOMRAMhhhl  000000
__HcstackCOMRAMhhl          cstackCOMRAMhhl   000000
__HcstackCOMRAMhl           cstackCOMRAMhl    000000
__HcstackCOMRAMl            cstackCOMRAMl     000000
__Hdata                     data              000000
__HdataBANK0l               dataBANK0l        000000
__Heeprom_data              eeprom_data       000000
__Hend_init                 end_init          00001A
__Hfarbss                   farbss            000000
__Hfardata                  fardata           000000
__Hibigdata                 ibigdata          000000
__Hidata                    idata             000000
__HidataBANK0l              idataBANK0l       000000
__Hidloc                    idloc             200008
__Hifardata                 ifardata          000000
__Hinit                     init              000016
__Hintcode                  intcode           000016
__Hintcode_body             intcode_body      000000
__Hintcodelo                intcodelo         000016
__Hintentry                 intentry          000000
__Hintret                   intret            000000
__Hintsave_regs             intsave_regs      000000
__Hirdata                   irdata            000000
__Hmediumconst              mediumconst       000000
__HnvFARRAM                 nvFARRAM          000000
__Hnvbit                    nvbit             000000
__Hnvrram                   nvrram            000000
__Hparam                    rparam            000000
__Hpowerup                  powerup           000016
__Hram                      ram               000000
__Hramtop                   ramtop            000D00
__Hrbit                     rbit              000000
__Hrbss                     rbss              000000
__Hrdata                    rdata             000000
__Hreset_vec                reset_vec         000004
__Hrparam                   rparam            000000
__Hsfr                      sfr               000000
__Hsmallconst               smallconst        000D02
__Hspace_0                  (abs)             30000E
__Hspace_1                  (abs)             000088
__Hspace_2                  (abs)             000000
__Hstack                    stack             000000
__Hstruct                   struct            000000
__Htemp                     temp              00001E
__Htext                     text              000000
__Htext0                    text0             000000
__Htext1                    text1             000000
__Htext10                   text10            000000
__Htext11                   text11            000000
__Htext12                   text12            000000
__Htext14                   text14            000000
__Htext15                   text15            000000
__Htext16                   text16            000000
__Htext17                   text17            000000
__Htext18                   text18            000000
__Htext19                   text19            000000
__Htext2                    text2             000000
__Htext20                   text20            000000
__Htext21                   text21            000000
__Htext22                   text22            000000
__Htext23                   text23            000000
__Htext24                   text24            000000
__Htext25                   text25            000000
__Htext26                   text26            000000
__Htext27                   text27            000000
__Htext28                   text28            000000
__Htext29                   text29            000000
__Htext3                    text3             000000
__Htext30                   text30            000000
__Htext31                   text31            000000
__Htext32                   text32            000000
__Htext33                   text33            000000
__Htext34                   text34            000000
__Htext35                   text35            000000
__Htext36                   text36            000000
__Htext37                   text37            000000
__Htext38                   text38            000000
__Htext39                   text39            000000
__Htext4                    text4             000000
__Htext40                   text40            000000
__Htext41                   text41            000000
__Htext42                   text42            000000
__Htext43                   text43            000000
__Htext44                   text44            000000
__Htext45                   text45            000000
__Htext46                   text46            000000
__Htext5                    text5             000000
__Htext6                    text6             000000
__Htext7                    text7             000000
__Htext8                    text8             000000
__Htext9                    text9             000000
__LRAM                      (abs)             000001
__L_DIFICULTAD_const        _DIFICULTAD_const 000030
__L_INICIO_const            _INICIO_const     000020
__L_NIVEL1_const            _NIVEL1_const     000040
__L_NIVEL2_const            _NIVEL2_const     000050
__L_NIVEL3_const            _NIVEL3_const     000060
__L_RESULTADO_const         _RESULTADO_const  000070
__Labs1                     abs1              000000
__Lbank0                    bank0             000000
__Lbank1                    bank1             000000
__Lbank10                   bank10            000000
__Lbank11                   bank11            000000
__Lbank12                   bank12            000000
__Lbank2                    bank2             000000
__Lbank3                    bank3             000000
__Lbank4                    bank4             000000
__Lbank5                    bank5             000000
__Lbank6                    bank6             000000
__Lbank7                    bank7             000000
__Lbank8                    bank8             000000
__Lbank9                    bank9             000000
__Lbigbss                   bigbss            000000
__Lbigdata                  bigdata           000000
__Lbigram                   bigram            000000
__Lbss                      bss               000000
__LbssBANK0h                bssBANK0h         000000
__LbssCOMRAMhhhl            bssCOMRAMhhhl     000000
__LbssCOMRAMl               bssCOMRAMl        000000
__Lcinit                    cinit             000000
__Lclrtext                  clrtext           000000
__Lcomram                   comram            000000
__Lconfig                   config            300000
__Lconst                    const             000000
__LcstackBANK0h             cstackBANK0h      000000
__LcstackCOMRAMhhhh         cstackCOMRAMhhhh  000000
__LcstackCOMRAMhhhl         cstackCOMRAMhhhl  000000
__LcstackCOMRAMhhl          cstackCOMRAMhhl   000000
__LcstackCOMRAMhl           cstackCOMRAMhl    000000
__LcstackCOMRAMl            cstackCOMRAMl     000000
__Ldata                     data              000000
__LdataBANK0l               dataBANK0l        000000
__Leeprom_data              eeprom_data       000000
__Lend_init                 end_init          000016
__Lfarbss                   farbss            000000
__Lfardata                  fardata           000000
__Libigdata                 ibigdata          000000
__Lidata                    idata             000000
__LidataBANK0l              idataBANK0l       000000
__Lidloc                    idloc             200000
__Lifardata                 ifardata          000000
__Linit                     init              000016
__Lintcode                  intcode           000008
__Lintcode_body             intcode_body      000000
__Lintcodelo                intcodelo         000016
__Lintentry                 intentry          000000
__Lintret                   intret            000000
__Lintsave_regs             intsave_regs      000000
__Lirdata                   irdata            000000
__Lmediumconst              mediumconst       000000
__LnvFARRAM                 nvFARRAM          000000
__Lnvbit                    nvbit             000000
__Lnvrram                   nvrram            000000
__Lparam                    rparam            000000
__Lpowerup                  powerup           000016
__Lram                      ram               000000
__Lramtop                   ramtop            000D00
__Lrbit                     rbit              000000
__Lrbss                     rbss              000000
__Lrdata                    rdata             000000
__Lreset_vec                reset_vec         000000
__Lrparam                   rparam            000000
__Lsfr                      sfr               000000
__Lsmallconst               smallconst        000D00
__Lspace_0                  (abs)             000000
__Lspace_1                  (abs)             000000
__Lspace_2                  (abs)             000000
__Lstack                    stack             000000
__Lstruct                   struct            000000
__Ltemp                     temp              00001D
__Ltext                     text              000000
__Ltext0                    text0             000000
__Ltext1                    text1             000000
__Ltext10                   text10            000000
__Ltext11                   text11            000000
__Ltext12                   text12            000000
__Ltext14                   text14            000000
__Ltext15                   text15            000000
__Ltext16                   text16            000000
__Ltext17                   text17            000000
__Ltext18                   text18            000000
__Ltext19                   text19            000000
__Ltext2                    text2             000000
__Ltext20                   text20            000000
__Ltext21                   text21            000000
__Ltext22                   text22            000000
__Ltext23                   text23            000000
__Ltext24                   text24            000000
__Ltext25                   text25            000000
__Ltext26                   text26            000000
__Ltext27                   text27            000000
__Ltext28                   text28            000000
__Ltext29                   text29            000000
__Ltext3                    text3             000000
__Ltext30                   text30            000000
__Ltext31                   text31            000000
__Ltext32                   text32            000000
__Ltext33                   text33            000000
__Ltext34                   text34            000000
__Ltext35                   text35            000000
__Ltext36                   text36            000000
__Ltext37                   text37            000000
__Ltext38                   text38            000000
__Ltext39                   text39            000000
__Ltext4                    text4             000000
__Ltext40                   text40            000000
__Ltext41                   text41            000000
__Ltext42                   text42            000000
__Ltext43                   text43            000000
__Ltext44                   text44            000000
__Ltext45                   text45            000000
__Ltext46                   text46            000000
__Ltext5                    text5             000000
__Ltext6                    text6             000000
__Ltext7                    text7             000000
__Ltext8                    text8             000000
__Ltext9                    text9             000000
__S0                        (abs)             30000E
__S1                        (abs)             000088
__S2                        (abs)             000000
___awmod                    text26            001AD4
___awmod@counter            cstackCOMRAMhhhl  00004D
___awmod@dividend           cstackCOMRAMhhl   00003A
___awmod@divisor            cstackCOMRAMhhl   00003C
___awmod@sign               cstackCOMRAMhhhl  00004E
___inthi_sp                 stack             000000
___intlo_sp                 stack             000000
___lbdiv                    text35            001C32
___lbdiv@counter            cstackCOMRAMhhhh  000059
___lbdiv@dividend           cstackCOMRAMhhhh  000058
___lbdiv@divisor            cstackCOMRAMhhhh  000057
___lbdiv@quotient           cstackCOMRAMhhhh  00005A
___lmul                     text25            001B9C
___lmul@multiplicand        cstackCOMRAMhhhh  00005B
___lmul@multiplier          cstackCOMRAMhhhh  000057
___lmul@product             cstackCOMRAMhhhl  000047
___param_bank               (abs)             000010
___rparam_used              (abs)             000001
___sp                       stack             000000
__accesstop                 (abs)             000060
__activetblptr              (abs)             000002
__end_of_Antibounce         text46            001E1E
__end_of_Bienvenido         text9             001AD4
__end_of_Command            text8             001F88
__end_of_DIFICULTAD         _DIFICULTAD_const 00003C
__end_of_Dificultad         text5             0019BA
__end_of_INICIO             _INICIO_const     00002B
__end_of_IRH                intcode_body      001804
__end_of_LCDdisplay         text11            001F96
__end_of_LCDready           text10            001E52
__end_of_LCDsetup           text6             001D04
__end_of_LongDelay          text7             001E38
__end_of_Menu1              text4             001928
__end_of_Menu2              text3             001896
__end_of_Menu3              text2             001764
__end_of_N1                 text22            001274
__end_of_N2                 text20            0015E8
__end_of_N3                 text18            00142E
__end_of_NIVEL1             _NIVEL1_const     000048
__end_of_NIVEL2             _NIVEL2_const     000058
__end_of_NIVEL3             _NIVEL3_const     00006A
__end_of_One_Shot_B1        text45            001E02
__end_of_One_Shot_B2        text44            001DD8
__end_of_One_Shot_B3        text43            001DAE
__end_of_One_Shot_B4        text42            001D84
__end_of_One_Shot_B5        text41            001D5A
__end_of_One_Shot_N1        text21            001EB4
__end_of_One_Shot_N2        text19            001E9C
__end_of_One_Shot_N3        text17            001E84
__end_of_RESULTADO          _RESULTADO_const  000081
__end_of_Reset_One_Shot_B1  text40            001F6A
__end_of_Reset_One_Shot_B2  text39            001F58
__end_of_Reset_One_Shot_B3  text38            001F46
__end_of_Reset_One_Shot_B4  text37            001F34
__end_of_Reset_One_Shot_B5  text36            001F22
__end_of_Reset_One_Shot_N1  text16            001EFE
__end_of_Reset_One_Shot_N2  text15            001EEC
__end_of_Reset_One_Shot_N3  text14            001EDA
__end_of_Resultado          text27            0016C4
__end_of_Servo_In           text1             001CA4
__end_of_ShortDelay         text12            001EC8
__end_of___awmod            text26            001B44
__end_of___lbdiv            text35            001C6C
__end_of___lmul             text25            001BF2
__end_of__initialization    cinit             001C24
__end_of_main               text0             001A48
__end_of_rand               text24            001B9C
__end_of_srand              text23            001F7A
__end_ofi2_Command          text32            001FA4
__end_ofi2_LCDdisplay       text33            001FB2
__end_ofi2_LCDready         text31            001E6C
__end_ofi2_LCDsetup         text29            001D30
__end_ofi2_LongDelay        text30            001F10
__end_ofi2_Servo_In         text28            001CD8
__end_ofi2_ShortDelay       text34            001FC0
__initialization            cinit             001BF2
__mediumconst               mediumconst       000000
__p_DIFICULTAD_const        _DIFICULTAD_const 000030
__p_INICIO_const            _INICIO_const     000020
__p_NIVEL1_const            _NIVEL1_const     000040
__p_NIVEL2_const            _NIVEL2_const     000050
__p_NIVEL3_const            _NIVEL3_const     000060
__p_RESULTADO_const         _RESULTADO_const  000070
__pbssBANK0h                bssBANK0h         000087
__pbssCOMRAMhhhl            bssCOMRAMhhhl     00004F
__pbssCOMRAMl               bssCOMRAMl        000001
__pcinit                    cinit             001BF2
__pcstackBANK0h             cstackBANK0h      000083
__pcstackCOMRAMhhhh         cstackCOMRAMhhhh  000057
__pcstackCOMRAMhhhl         cstackCOMRAMhhhl  000047
__pcstackCOMRAMhhl          cstackCOMRAMhhl   00003A
__pcstackCOMRAMhl           cstackCOMRAMhl    00002A
__pcstackCOMRAMl            cstackCOMRAMl     00000F
__pdataBANK0l               dataBANK0l        00007F
__pidataBANK0l              idataBANK0l       001FC0
__pintcode                  intcode           000008
__pintcode_body             intcode_body      001764
__psmallconst               smallconst        000D00
__ptext0                    text0             0019BA
__ptext1                    text1             001C6C
__ptext10                   text10            001E38
__ptext11                   text11            001F88
__ptext12                   text12            001EB4
__ptext14                   text14            001EC8
__ptext15                   text15            001EDA
__ptext16                   text16            001EEC
__ptext17                   text17            001E6C
__ptext18                   text18            001274
__ptext19                   text19            001E84
__ptext2                    text2             0016C4
__ptext20                   text20            00142E
__ptext21                   text21            001E9C
__ptext22                   text22            000D02
__ptext23                   text23            001F6A
__ptext24                   text24            001B44
__ptext25                   text25            001B9C
__ptext26                   text26            001AD4
__ptext27                   text27            0015E8
__ptext28                   text28            001CA4
__ptext29                   text29            001D04
__ptext3                    text3             001804
__ptext30                   text30            001EFE
__ptext31                   text31            001E52
__ptext32                   text32            001F96
__ptext33                   text33            001FA4
__ptext34                   text34            001FB2
__ptext35                   text35            001C32
__ptext36                   text36            001F10
__ptext37                   text37            001F22
__ptext38                   text38            001F34
__ptext39                   text39            001F46
__ptext4                    text4             001896
__ptext40                   text40            001F58
__ptext41                   text41            001D30
__ptext42                   text42            001D5A
__ptext43                   text43            001D84
__ptext44                   text44            001DAE
__ptext45                   text45            001DD8
__ptext46                   text46            001E02
__ptext5                    text5             001928
__ptext6                    text6             001CD8
__ptext7                    text7             001E1E
__ptext8                    text8             001F7A
__ptext9                    text9             001A48
__ramtop                    ramtop            000D00
__size_of_Antibounce        (abs)             000000
__size_of_Bienvenido        (abs)             000000
__size_of_Command           (abs)             000000
__size_of_Dificultad        (abs)             000000
__size_of_IRH               (abs)             000000
__size_of_LCDdisplay        (abs)             000000
__size_of_LCDready          (abs)             000000
__size_of_LCDsetup          (abs)             000000
__size_of_LongDelay         (abs)             000000
__size_of_Menu1             (abs)             000000
__size_of_Menu2             (abs)             000000
__size_of_Menu3             (abs)             000000
__size_of_N1                (abs)             000000
__size_of_N2                (abs)             000000
__size_of_N3                (abs)             000000
__size_of_One_Shot_B1       (abs)             000000
__size_of_One_Shot_B2       (abs)             000000
__size_of_One_Shot_B3       (abs)             000000
__size_of_One_Shot_B4       (abs)             000000
__size_of_One_Shot_B5       (abs)             000000
__size_of_One_Shot_N1       (abs)             000000
__size_of_One_Shot_N2       (abs)             000000
__size_of_One_Shot_N3       (abs)             000000
__size_of_Reset_One_Shot_B1 (abs)             000000
__size_of_Reset_One_Shot_B2 (abs)             000000
__size_of_Reset_One_Shot_B3 (abs)             000000
__size_of_Reset_One_Shot_B4 (abs)             000000
__size_of_Reset_One_Shot_B5 (abs)             000000
__size_of_Reset_One_Shot_N1 (abs)             000000
__size_of_Reset_One_Shot_N2 (abs)             000000
__size_of_Reset_One_Shot_N3 (abs)             000000
__size_of_Resultado         (abs)             000000
__size_of_Servo_In          (abs)             000000
__size_of_ShortDelay        (abs)             000000
__size_of___awmod           (abs)             000000
__size_of___lbdiv           (abs)             000000
__size_of___lmul            (abs)             000000
__size_of_main              (abs)             000000
__size_of_rand              (abs)             000000
__size_of_srand             (abs)             000000
__size_ofi2_Command         (abs)             000000
__size_ofi2_LCDdisplay      (abs)             000000
__size_ofi2_LCDready        (abs)             000000
__size_ofi2_LCDsetup        (abs)             000000
__size_ofi2_LongDelay       (abs)             000000
__size_ofi2_Servo_In        (abs)             000000
__size_ofi2_ShortDelay      (abs)             000000
__smallconst                smallconst        000D00
_acierto                    bssCOMRAMl        000004
_counter                    bssCOMRAMl        000005
_counter2                   bssCOMRAMhhhl     00004F
_intentos                   bssCOMRAMl        000006
_main                       text0             0019BA
_myRAMarray                 (abs)             000020
_myRAMarray2                (abs)             000030
_myRAMarray3                (abs)             000040
_myRAMarray4                (abs)             000050
_myRAMarray5                (abs)             000060
_myRAMarray6                (abs)             000070
_ons_B1                     bssCOMRAMl        000007
_ons_B2                     bssCOMRAMl        000008
_ons_B3                     bssCOMRAMl        000009
_ons_B4                     bssCOMRAMl        00000A
_ons_B5                     bssCOMRAMl        00000B
_ons_N1                     bssCOMRAMl        00000C
_ons_N2                     bssCOMRAMl        00000D
_ons_N3                     bssCOMRAMl        00000E
_rand                       text24            001B44
_randx                      dataBANK0l        00007F
_score                      bssCOMRAMl        000001
_srand                      text23            001F6A
_t                          bssBANK0h         000087
btemp                       temp              00001D
end_of_initialization       cinit             001C24
i2LongDelay@LDelay          cstackCOMRAMhhhh  000058
i2ShortDelay@SDelay         cstackCOMRAMhhhh  000057
i2_Command                  text32            001F96
i2_LCDdisplay               text33            001FA4
i2_LCDready                 text31            001E52
i2_LCDsetup                 text29            001D04
i2_LongDelay                text30            001EFE
i2_Servo_In                 text28            001CA4
i2_ShortDelay               text34            001FB2
int$flags                   temp              00001D
int_func                    intcode_body      001764
intlevel0                   text              000000
intlevel1                   text              000000
intlevel2                   text              000000
intlevel3                   text              000000
srand@x                     cstackCOMRAMhhhh  000057
stackhi                     (abs)             000CFF
stacklo                     (abs)             000088
start                       init              000016
start_initialization        cinit             001BF2


FUNCTION INFORMATION:

 *************** function _main *****************
 Defined at:
		line 130 in file "space shot.c"
 Parameters:    Size  Location     Type
		None
 Auto vars:     Size  Location     Type
		None
 Return value:  Size  Location     Type
                  1    wreg      void 
 Registers used:
		wreg, fsr2l, fsr2h, status,2, status,0, tblptrl, tblptrh, tblptru, prodl, prodh, cstack
 Tracked objects:
		On entry : 
		On exit  : 
		Unchanged: 
 Data sizes:   COMRAMhhCOMRAMhhCOMRAMhhCOMRAMhl COMRAMl  BANK0h  BANK0l   BANK1   BANK2   BANK3   BANK4   BANK5   BANK6   BANK7   BANK8   BANK9  BANK10  BANK11  BANK12
      Params:         0       0       0       0       0       0       0       0       0       0       0       0       0       0       0       0       0       0       0
      Locals:         0       0       0       0       0       0       0       0       0       0       0       0       0       0       0       0       0       0       0
      Temps:          0       0       0       0       0       0       0       0       0       0       0       0       0       0       0       0       0       0       0
      Totals:         0       0       0       0       0       0       0       0       0       0       0       0       0       0       0       0       0       0       0
Total ram usage:        0 bytes
 Hardware stack levels required when called:   11
 This function calls:
		_Bienvenido
		_Dificultad
		_LCDsetup
		_Menu1
		_Menu2
		_Menu3
		_Servo_In
 This function is called by:
		Startup code after reset
 This function uses a non-reentrant model


 *************** function _Servo_In *****************
 Defined at:
		line 338 in file "space shot.c"
 Parameters:    Size  Location     Type
		None
 Auto vars:     Size  Location     Type
		None
 Return value:  Size  Location     Type
                  1    wreg      void 
 Registers used:
		wreg, status,2, status,0
 Tracked objects:
		On entry : 
		On exit  : 
		Unchanged: 
 Data sizes:   COMRAMhhCOMRAMhhCOMRAMhhCOMRAMhl COMRAMl  BANK0h  BANK0l   BANK1   BANK2   BANK3   BANK4   BANK5   BANK6   BANK7   BANK8   BANK9  BANK10  BANK11  BANK12
      Params:         0       0       0       0       0       0       0       0       0       0       0       0       0       0       0       0       0       0       0
      Locals:         0       0       0       0       0       0       0       0       0       0       0       0       0       0       0       0       0       0       0
      Temps:          0       0       0       0       0       1       0       0       0       0       0       0       0       0       0       0       0       0       0
      Totals:         0       0       0       0       0       1       0       0       0       0       0       0       0       0       0       0       0       0       0
Total ram usage:        1 bytes
 Hardware stack levels used:    1
 Hardware stack levels required when called:    7
 This function calls:
		Nothing
 This function is called by:
		_main
 This function uses a non-reentrant model


 *************** function _Menu3 *****************
 Defined at:
		line 319 in file "space shot.c"
 Parameters:    Size  Location     Type
		None
 Auto vars:     Size  Location     Type
  n3              1    3[BANK0h] unsigned char 
 Return value:  Size  Location     Type
                  1    wreg      void 
 Registers used:
		wreg, fsr2l, fsr2h, status,2, status,0, tblptrl, tblptrh, tblptru, prodl, prodh, cstack
 Tracked objects:
		On entry : 
		On exit  : 
		Unchanged: 
 Data sizes:   COMRAMhhCOMRAMhhCOMRAMhhCOMRAMhl COMRAMl  BANK0h  BANK0l   BANK1   BANK2   BANK3   BANK4   BANK5   BANK6   BANK7   BANK8   BANK9  BANK10  BANK11  BANK12
      Params:         0       0       0       0       0       0       0       0       0       0       0       0       0       0       0       0       0       0       0
      Locals:         0       0       0       0       0       1       0       0       0       0       0       0       0       0       0       0       0       0       0
      Temps:          0       0       0       0       0       1       0       0       0       0       0       0       0       0       0       0       0       0       0
      Totals:         0       0       0       0       0       2       0       0       0       0       0       0       0       0       0       0       0       0       0
Total ram usage:        2 bytes
 Hardware stack levels used:    1
 Hardware stack levels required when called:   10
 This function calls:
		_Command
		_LCDdisplay
		_LCDready
		_LCDsetup
 This function is called by:
		_main
 This function uses a non-reentrant model


 *************** function _Menu2 *****************
 Defined at:
		line 304 in file "space shot.c"
 Parameters:    Size  Location     Type
		None
 Auto vars:     Size  Location     Type
  n2              1    3[BANK0h] unsigned char 
 Return value:  Size  Location     Type
                  1    wreg      void 
 Registers used:
		wreg, fsr2l, fsr2h, status,2, status,0, tblptrl, tblptrh, tblptru, prodl, prodh, cstack
 Tracked objects:
		On entry : 
		On exit  : 
		Unchanged: 
 Data sizes:   COMRAMhhCOMRAMhhCOMRAMhhCOMRAMhl COMRAMl  BANK0h  BANK0l   BANK1   BANK2   BANK3   BANK4   BANK5   BANK6   BANK7   BANK8   BANK9  BANK10  BANK11  BANK12
      Params:         0       0       0       0       0       0       0       0       0       0       0       0       0       0       0       0       0       0       0
      Locals:         0       0       0       0       0       1       0       0       0       0       0       0       0       0       0       0       0       0       0
      Temps:          0       0       0       0       0       1       0       0       0       0       0       0       0       0       0       0       0       0       0
      Totals:         0       0       0       0       0       2       0       0       0       0       0       0       0       0       0       0       0       0       0
Total ram usage:        2 bytes
 Hardware stack levels used:    1
 Hardware stack levels required when called:   10
 This function calls:
		_LCDdisplay
		_LCDready
		_LCDsetup
 This function is called by:
		_main
 This function uses a non-reentrant model


 *************** function _Menu1 *****************
 Defined at:
		line 289 in file "space shot.c"
 Parameters:    Size  Location     Type
		None
 Auto vars:     Size  Location     Type
  n1              1    3[BANK0h] unsigned char 
 Return value:  Size  Location     Type
                  1    wreg      void 
 Registers used:
		wreg, fsr2l, fsr2h, status,2, status,0, tblptrl, tblptrh, tblptru, prodl, prodh, cstack
 Tracked objects:
		On entry : 
		On exit  : 
		Unchanged: 
 Data sizes:   COMRAMhhCOMRAMhhCOMRAMhhCOMRAMhl COMRAMl  BANK0h  BANK0l   BANK1   BANK2   BANK3   BANK4   BANK5   BANK6   BANK7   BANK8   BANK9  BANK10  BANK11  BANK12
      Params:         0       0       0       0       0       0       0       0       0       0       0       0       0       0       0       0       0       0       0
      Locals:         0       0       0       0       0       1       0       0       0       0       0       0       0       0       0       0       0       0       0
      Temps:          0       0       0       0       0       1       0       0       0       0       0       0       0       0       0       0       0       0       0
      Totals:         0       0       0       0       0       2       0       0       0       0       0       0       0       0       0       0       0       0       0
Total ram usage:        2 bytes
 Hardware stack levels used:    1
 Hardware stack levels required when called:   10
 This function calls:
		_LCDdisplay
		_LCDready
		_LCDsetup
 This function is called by:
		_main
 This function uses a non-reentrant model


 *************** function _Dificultad *****************
 Defined at:
		line 275 in file "space shot.c"
 Parameters:    Size  Location     Type
		None
 Auto vars:     Size  Location     Type
  y               1    3[BANK0h] unsigned char 
 Return value:  Size  Location     Type
                  1    wreg      void 
 Registers used:
		wreg, fsr2l, fsr2h, status,2, status,0, tblptrl, tblptrh, tblptru, prodl, prodh, cstack
 Tracked objects:
		On entry : 
		On exit  : 
		Unchanged: 
 Data sizes:   COMRAMhhCOMRAMhhCOMRAMhhCOMRAMhl COMRAMl  BANK0h  BANK0l   BANK1   BANK2   BANK3   BANK4   BANK5   BANK6   BANK7   BANK8   BANK9  BANK10  BANK11  BANK12
      Params:         0       0       0       0       0       0       0       0       0       0       0       0       0       0       0       0       0       0       0
      Locals:         0       0       0       0       0       1       0       0       0       0       0       0       0       0       0       0       0       0       0
      Temps:          0       0       0       0       0       1       0       0       0       0       0       0       0       0       0       0       0       0       0
      Totals:         0       0       0       0       0       2       0       0       0       0       0       0       0       0       0       0       0       0       0
Total ram usage:        2 bytes
 Hardware stack levels used:    1
 Hardware stack levels required when called:   10
 This function calls:
		_LCDdisplay
		_LCDready
		_LCDsetup
 This function is called by:
		_main
 This function uses a non-reentrant model


 *************** function _LCDsetup *****************
 Defined at:
		line 208 in file "space shot.c"
 Parameters:    Size  Location     Type
		None
 Auto vars:     Size  Location     Type
		None
 Return value:  Size  Location     Type
                  1    wreg      void 
 Registers used:
		wreg, status,2, status,0, cstack
 Tracked objects:
		On entry : 
		On exit  : 
		Unchanged: 
 Data sizes:   COMRAMhhCOMRAMhhCOMRAMhhCOMRAMhl COMRAMl  BANK0h  BANK0l   BANK1   BANK2   BANK3   BANK4   BANK5   BANK6   BANK7   BANK8   BANK9  BANK10  BANK11  BANK12
      Params:         0       0       0       0       0       0       0       0       0       0       0       0       0       0       0       0       0       0       0
      Locals:         0       0       0       0       0       0       0       0       0       0       0       0       0       0       0       0       0       0       0
      Temps:          0       0       0       0       0       0       0       0       0       0       0       0       0       0       0       0       0       0       0
      Totals:         0       0       0       0       0       0       0       0       0       0       0       0       0       0       0       0       0       0       0
Total ram usage:        0 bytes
 Hardware stack levels used:    1
 Hardware stack levels required when called:    9
 This function calls:
		_Command
		_LCDready
		_LongDelay
 This function is called by:
		_main
		_Dificultad
		_Menu1
		_Menu2
		_Menu3
 This function uses a non-reentrant model


 *************** function _LongDelay *****************
 Defined at:
		line 249 in file "space shot.c"
 Parameters:    Size  Location     Type
		None
 Auto vars:     Size  Location     Type
  LDelay          1    1[BANK0h] unsigned char 
 Return value:  Size  Location     Type
                  1    wreg      void 
 Registers used:
		wreg, status,2, status,0
 Tracked objects:
		On entry : 
		On exit  : 
		Unchanged: 
 Data sizes:   COMRAMhhCOMRAMhhCOMRAMhhCOMRAMhl COMRAMl  BANK0h  BANK0l   BANK1   BANK2   BANK3   BANK4   BANK5   BANK6   BANK7   BANK8   BANK9  BANK10  BANK11  BANK12
      Params:         0       0       0       0       0       0       0       0       0       0       0       0       0       0       0       0       0       0       0
      Locals:         0       0       0       0       0       1       0       0       0       0       0       0       0       0       0       0       0       0       0
      Temps:          0       0       0       0       0       1       0       0       0       0       0       0       0       0       0       0       0       0       0
      Totals:         0       0       0       0       0       2       0       0       0       0       0       0       0       0       0       0       0       0       0
Total ram usage:        2 bytes
 Hardware stack levels used:    1
 Hardware stack levels required when called:    7
 This function calls:
		Nothing
 This function is called by:
		_LCDsetup
 This function uses a non-reentrant model


 *************** function _Command *****************
 Defined at:
		line 242 in file "space shot.c"
 Parameters:    Size  Location     Type
		None
 Auto vars:     Size  Location     Type
		None
 Return value:  Size  Location     Type
                  1    wreg      void 
 Registers used:
		wreg, status,2, status,0, cstack
 Tracked objects:
		On entry : 
		On exit  : 
		Unchanged: 
 Data sizes:   COMRAMhhCOMRAMhhCOMRAMhhCOMRAMhl COMRAMl  BANK0h  BANK0l   BANK1   BANK2   BANK3   BANK4   BANK5   BANK6   BANK7   BANK8   BANK9  BANK10  BANK11  BANK12
      Params:         0       0       0       0       0       0       0       0       0       0       0       0       0       0       0       0       0       0       0
      Locals:         0       0       0       0       0       0       0       0       0       0       0       0       0       0       0       0       0       0       0
      Temps:          0       0       0       0       0       0       0       0       0       0       0       0       0       0       0       0       0       0       0
      Totals:         0       0       0       0       0       0       0       0       0       0       0       0       0       0       0       0       0       0       0
Total ram usage:        0 bytes
 Hardware stack levels used:    1
 Hardware stack levels required when called:    8
 This function calls:
		_ShortDelay
 This function is called by:
		_LCDsetup
		_Menu3
 This function uses a non-reentrant model


 *************** function _Bienvenido *****************
 Defined at:
		line 262 in file "space shot.c"
 Parameters:    Size  Location     Type
		None
 Auto vars:     Size  Location     Type
  x               1    2[BANK0h] unsigned char 
 Return value:  Size  Location     Type
                  1    wreg      void 
 Registers used:
		wreg, fsr2l, fsr2h, status,2, status,0, tblptrl, tblptrh, tblptru, prodl, prodh, cstack
 Tracked objects:
		On entry : 
		On exit  : 
		Unchanged: 
 Data sizes:   COMRAMhhCOMRAMhhCOMRAMhhCOMRAMhl COMRAMl  BANK0h  BANK0l   BANK1   BANK2   BANK3   BANK4   BANK5   BANK6   BANK7   BANK8   BANK9  BANK10  BANK11  BANK12
      Params:         0       0       0       0       0       0       0       0       0       0       0       0       0       0       0       0       0       0       0
      Locals:         0       0       0       0       0       1       0       0       0       0       0       0       0       0       0       0       0       0       0
      Temps:          0       0       0       0       0       1       0       0       0       0       0       0       0       0       0       0       0       0       0
      Totals:         0       0       0       0       0       2       0       0       0       0       0       0       0       0       0       0       0       0       0
Total ram usage:        2 bytes
 Hardware stack levels used:    1
 Hardware stack levels required when called:    9
 This function calls:
		_LCDdisplay
		_LCDready
 This function is called by:
		_main
 This function uses a non-reentrant model


 *************** function _LCDready *****************
 Defined at:
		line 224 in file "space shot.c"
 Parameters:    Size  Location     Type
		None
 Auto vars:     Size  Location     Type
		None
 Return value:  Size  Location     Type
                  1    wreg      void 
 Registers used:
		wreg, status,2, status,0, cstack
 Tracked objects:
		On entry : 
		On exit  : 
		Unchanged: 
 Data sizes:   COMRAMhhCOMRAMhhCOMRAMhhCOMRAMhl COMRAMl  BANK0h  BANK0l   BANK1   BANK2   BANK3   BANK4   BANK5   BANK6   BANK7   BANK8   BANK9  BANK10  BANK11  BANK12
      Params:         0       0       0       0       0       0       0       0       0       0       0       0       0       0       0       0       0       0       0
      Locals:         0       0       0       0       0       0       0       0       0       0       0       0       0       0       0       0       0       0       0
      Temps:          0       0       0       0       0       0       0       0       0       0       0       0       0       0       0       0       0       0       0
      Totals:         0       0       0       0       0       0       0       0       0       0       0       0       0       0       0       0       0       0       0
Total ram usage:        0 bytes
 Hardware stack levels used:    1
 Hardware stack levels required when called:    8
 This function calls:
		_ShortDelay
 This function is called by:
		_LCDsetup
		_Bienvenido
		_Dificultad
		_Menu1
		_Menu2
		_Menu3
 This function uses a non-reentrant model


 *************** function _LCDdisplay *****************
 Defined at:
		line 235 in file "space shot.c"
 Parameters:    Size  Location     Type
		None
 Auto vars:     Size  Location     Type
		None
 Return value:  Size  Location     Type
                  1    wreg      void 
 Registers used:
		wreg, status,2, status,0, cstack
 Tracked objects:
		On entry : 
		On exit  : 
		Unchanged: 
 Data sizes:   COMRAMhhCOMRAMhhCOMRAMhhCOMRAMhl COMRAMl  BANK0h  BANK0l   BANK1   BANK2   BANK3   BANK4   BANK5   BANK6   BANK7   BANK8   BANK9  BANK10  BANK11  BANK12
      Params:         0       0       0       0       0       0       0       0       0       0       0       0       0       0       0       0       0       0       0
      Locals:         0       0       0       0       0       0       0       0       0       0       0       0       0       0       0       0       0       0       0
      Temps:          0       0       0       0       0       0       0       0       0       0       0       0       0       0       0       0       0       0       0
      Totals:         0       0       0       0       0       0       0       0       0       0       0       0       0       0       0       0       0       0       0
Total ram usage:        0 bytes
 Hardware stack levels used:    1
 Hardware stack levels required when called:    8
 This function calls:
		_ShortDelay
 This function is called by:
		_Bienvenido
		_Dificultad
		_Menu1
		_Menu2
		_Menu3
 This function uses a non-reentrant model


 *************** function _ShortDelay *****************
 Defined at:
		line 254 in file "space shot.c"
 Parameters:    Size  Location     Type
		None
 Auto vars:     Size  Location     Type
  SDelay          1    0[BANK0h] unsigned char 
 Return value:  Size  Location     Type
                  1    wreg      void 
 Registers used:
		wreg, status,2, status,0
 Tracked objects:
		On entry : 
		On exit  : 
		Unchanged: 
 Data sizes:   COMRAMhhCOMRAMhhCOMRAMhhCOMRAMhl COMRAMl  BANK0h  BANK0l   BANK1   BANK2   BANK3   BANK4   BANK5   BANK6   BANK7   BANK8   BANK9  BANK10  BANK11  BANK12
      Params:         0       0       0       0       0       0       0       0       0       0       0       0       0       0       0       0       0       0       0
      Locals:         0       0       0       0       0       1       0       0       0       0       0       0       0       0       0       0       0       0       0
      Temps:          0       0       0       0       0       0       0       0       0       0       0       0       0       0       0       0       0       0       0
      Totals:         0       0       0       0       0       1       0       0       0       0       0       0       0       0       0       0       0       0       0
Total ram usage:        1 bytes
 Hardware stack levels used:    1
 Hardware stack levels required when called:    7
 This function calls:
		Nothing
 This function is called by:
		_LCDready
		_LCDdisplay
		_Command
 This function uses a non-reentrant model


 *************** function _IRH *****************
 Defined at:
		line 187 in file "space shot.c"
 Parameters:    Size  Location     Type
		None
 Auto vars:     Size  Location     Type
		None
 Return value:  Size  Location     Type
                  1    wreg      void 
 Registers used:
		wreg, fsr1l, fsr1h, fsr2l, fsr2h, status,2, status,0, tblptrl, tblptrh, tblptru, prodl, prodh, cstack
 Tracked objects:
		On entry : 
		On exit  : 
		Unchanged: 
 Data sizes:   COMRAMhhCOMRAMhhCOMRAMhhCOMRAMhl COMRAMl  BANK0h  BANK0l   BANK1   BANK2   BANK3   BANK4   BANK5   BANK6   BANK7   BANK8   BANK9  BANK10  BANK11  BANK12
      Params:         0       0       0       0       0       0       0       0       0       0       0       0       0       0       0       0       0       0       0
      Locals:         0       0       0       0       0       0       0       0       0       0       0       0       0       0       0       0       0       0       0
      Temps:          0       0       0       0      14       0       0       0       0       0       0       0       0       0       0       0       0       0       0
      Totals:         0       0       0       0      14       0       0       0       0       0       0       0       0       0       0       0       0       0       0
Total ram usage:       14 bytes
 Hardware stack levels used:    1
 Hardware stack levels required when called:    6
 This function calls:
		_One_Shot_N1
		_One_Shot_N2
		_One_Shot_N3
		_Reset_One_Shot_N1
		_Reset_One_Shot_N2
		_Reset_One_Shot_N3
 This function is called by:
		Interrupt level 2
 This function uses a non-reentrant model


 *************** function _Reset_One_Shot_N3 *****************
 Defined at:
		line 413 in file "space shot.c"
 Parameters:    Size  Location     Type
		None
 Auto vars:     Size  Location     Type
		None
 Return value:  Size  Location     Type
                  1    wreg      void 
 Registers used:
		wreg, status,2, status,0, cstack
 Tracked objects:
		On entry : 
		On exit  : 
		Unchanged: 
 Data sizes:   COMRAMhhCOMRAMhhCOMRAMhhCOMRAMhl COMRAMl  BANK0h  BANK0l   BANK1   BANK2   BANK3   BANK4   BANK5   BANK6   BANK7   BANK8   BANK9  BANK10  BANK11  BANK12
      Params:         0       0       0       0       0       0       0       0       0       0       0       0       0       0       0       0       0       0       0
      Locals:         0       0       0       0       0       0       0       0       0       0       0       0       0       0       0       0       0       0       0
      Temps:          0       0       0       0       0       0       0       0       0       0       0       0       0       0       0       0       0       0       0
      Totals:         0       0       0       0       0       0       0       0       0       0       0       0       0       0       0       0       0       0       0
Total ram usage:        0 bytes
 Hardware stack levels used:    1
 Hardware stack levels required when called:    1
 This function calls:
		_Antibounce
 This function is called by:
		_IRH
 This function uses a non-reentrant model


 *************** function _Reset_One_Shot_N2 *****************
 Defined at:
		line 395 in file "space shot.c"
 Parameters:    Size  Location     Type
		None
 Auto vars:     Size  Location     Type
		None
 Return value:  Size  Location     Type
                  1    wreg      void 
 Registers used:
		wreg, status,2, status,0, cstack
 Tracked objects:
		On entry : 
		On exit  : 
		Unchanged: 
 Data sizes:   COMRAMhhCOMRAMhhCOMRAMhhCOMRAMhl COMRAMl  BANK0h  BANK0l   BANK1   BANK2   BANK3   BANK4   BANK5   BANK6   BANK7   BANK8   BANK9  BANK10  BANK11  BANK12
      Params:         0       0       0       0       0       0       0       0       0       0       0       0       0       0       0       0       0       0       0
      Locals:         0       0       0       0       0       0       0       0       0       0       0       0       0       0       0       0       0       0       0
      Temps:          0       0       0       0       0       0       0       0       0       0       0       0       0       0       0       0       0       0       0
      Totals:         0       0       0       0       0       0       0       0       0       0       0       0       0       0       0       0       0       0       0
Total ram usage:        0 bytes
 Hardware stack levels used:    1
 Hardware stack levels required when called:    1
 This function calls:
		_Antibounce
 This function is called by:
		_IRH
 This function uses a non-reentrant model


 *************** function _Reset_One_Shot_N1 *****************
 Defined at:
		line 377 in file "space shot.c"
 Parameters:    Size  Location     Type
		None
 Auto vars:     Size  Location     Type
		None
 Return value:  Size  Location     Type
                  1    wreg      void 
 Registers used:
		wreg, status,2, status,0, cstack
 Tracked objects:
		On entry : 
		On exit  : 
		Unchanged: 
 Data sizes:   COMRAMhhCOMRAMhhCOMRAMhhCOMRAMhl COMRAMl  BANK0h  BANK0l   BANK1   BANK2   BANK3   BANK4   BANK5   BANK6   BANK7   BANK8   BANK9  BANK10  BANK11  BANK12
      Params:         0       0       0       0       0       0       0       0       0       0       0       0       0       0       0       0       0       0       0
      Locals:         0       0       0       0       0       0       0       0       0       0       0       0       0       0       0       0       0       0       0
      Temps:          0       0       0       0       0       0       0       0       0       0       0       0       0       0       0       0       0       0       0
      Totals:         0       0       0       0       0       0       0       0       0       0       0       0       0       0       0       0       0       0       0
Total ram usage:        0 bytes
 Hardware stack levels used:    1
 Hardware stack levels required when called:    1
 This function calls:
		_Antibounce
 This function is called by:
		_IRH
 This function uses a non-reentrant model


 *************** function _One_Shot_N3 *****************
 Defined at:
		line 404 in file "space shot.c"
 Parameters:    Size  Location     Type
		None
 Auto vars:     Size  Location     Type
		None
 Return value:  Size  Location     Type
                  1    wreg      void 
 Registers used:
		wreg, fsr2l, fsr2h, status,2, status,0, tblptrl, tblptrh, tblptru, prodl, prodh, cstack
 Tracked objects:
		On entry : 
		On exit  : 
		Unchanged: 
 Data sizes:   COMRAMhhCOMRAMhhCOMRAMhhCOMRAMhl COMRAMl  BANK0h  BANK0l   BANK1   BANK2   BANK3   BANK4   BANK5   BANK6   BANK7   BANK8   BANK9  BANK10  BANK11  BANK12
      Params:         0       0       0       0       0       0       0       0       0       0       0       0       0       0       0       0       0       0       0
      Locals:         0       0       0       0       0       0       0       0       0       0       0       0       0       0       0       0       0       0       0
      Temps:          0       0       0       0       0       0       0       0       0       0       0       0       0       0       0       0       0       0       0
      Totals:         0       0       0       0       0       0       0       0       0       0       0       0       0       0       0       0       0       0       0
Total ram usage:        0 bytes
 Hardware stack levels used:    1
 Hardware stack levels required when called:    5
 This function calls:
		_Antibounce
		_N3
 This function is called by:
		_IRH
 This function uses a non-reentrant model


 *************** function _N3 *****************
 Defined at:
		line 792 in file "space shot.c"
 Parameters:    Size  Location     Type
		None
 Auto vars:     Size  Location     Type
  secuencia      10    0        unsigned char [10]
  n3              1    5[COMRAM] unsigned char 
  test            1    4[COMRAM] unsigned char 
 Return value:  Size  Location     Type
                  1    wreg      void 
 Registers used:
		wreg, fsr2l, fsr2h, status,2, status,0, tblptrl, tblptrh, tblptru, prodl, prodh, cstack
 Tracked objects:
		On entry : 
[...]
Total ram usage:        4 bytes
 Hardware stack levels used:    1
 This function calls:
		Nothing
 This function is called by:
		_Resultado
 This function uses a non-reentrant model


 *************** function _Reset_One_Shot_B5 *****************
 Defined at:
		line 518 in file "space shot.c"
 Parameters:    Size  Location     Type
		None
 Auto vars:     Size  Location     Type
		None
 Return value:  Size  Location     Type
                  1    wreg      void 
 Registers used:
		wreg, status,2, status,0, cstack
 Tracked objects:
		On entry : 
		On exit  : 
		Unchanged: 
 Data sizes:   COMRAMhhCOMRAMhhCOMRAMhhCOMRAMhl COMRAMl  BANK0h  BANK0l   BANK1   BANK2   BANK3   BANK4   BANK5   BANK6   BANK7   BANK8   BANK9  BANK10  BANK11  BANK12
      Params:         0       0       0       0       0       0       0       0       0       0       0       0       0       0       0       0       0       0       0
      Locals:         0       0       0       0       0       0       0       0       0       0       0       0       0       0       0       0       0       0       0
      Temps:          0       0       0       0       0       0       0       0       0       0       0       0       0       0       0       0       0       0       0
      Totals:         0       0       0       0       0       0       0       0       0       0       0       0       0       0       0       0       0       0       0
Total ram usage:        0 bytes
 Hardware stack levels used:    1
 Hardware stack levels required when called:    1
 This function calls:
		_Antibounce
 This function is called by:
		_N1
 This function uses a non-reentrant model


 *************** function _Reset_One_Shot_B4 *****************
 Defined at:
		line 497 in file "space shot.c"
 Parameters:    Size  Location     Type
		None
 Auto vars:     Size  Location     Type
		None
 Return value:  Size  Location     Type
                  1    wreg      void 
 Registers used:
		wreg, status,2, status,0, cstack
 Tracked objects:
		On entry : 
		On exit  : 
		Unchanged: 
 Data sizes:   COMRAMhhCOMRAMhhCOMRAMhhCOMRAMhl COMRAMl  BANK0h  BANK0l   BANK1   BANK2   BANK3   BANK4   BANK5   BANK6   BANK7   BANK8   BANK9  BANK10  BANK11  BANK12
      Params:         0       0       0       0       0       0       0       0       0       0       0       0       0       0       0       0       0       0       0
      Locals:         0       0       0       0       0       0       0       0       0       0       0       0       0       0       0       0       0       0       0
      Temps:          0       0       0       0       0       0       0       0       0       0       0       0       0       0       0       0       0       0       0
      Totals:         0       0       0       0       0       0       0       0       0       0       0       0       0       0       0       0       0       0       0
Total ram usage:        0 bytes
 Hardware stack levels used:    1
 Hardware stack levels required when called:    1
 This function calls:
		_Antibounce
 This function is called by:
		_N1
 This function uses a non-reentrant model


 *************** function _Reset_One_Shot_B3 *****************
 Defined at:
		line 476 in file "space shot.c"
 Parameters:    Size  Location     Type
		None
 Auto vars:     Size  Location     Type
		None
 Return value:  Size  Location     Type
                  1    wreg      void 
 Registers used:
		wreg, status,2, status,0, cstack
 Tracked objects:
		On entry : 
		On exit  : 
		Unchanged: 
 Data sizes:   COMRAMhhCOMRAMhhCOMRAMhhCOMRAMhl COMRAMl  BANK0h  BANK0l   BANK1   BANK2   BANK3   BANK4   BANK5   BANK6   BANK7   BANK8   BANK9  BANK10  BANK11  BANK12
      Params:         0       0       0       0       0       0       0       0       0       0       0       0       0       0       0       0       0       0       0
      Locals:         0       0       0       0       0       0       0       0       0       0       0       0       0       0       0       0       0       0       0
      Temps:          0       0       0       0       0       0       0       0       0       0       0       0       0       0       0       0       0       0       0
      Totals:         0       0       0       0       0       0       0       0       0       0       0       0       0       0       0       0       0       0       0
Total ram usage:        0 bytes
 Hardware stack levels used:    1
 Hardware stack levels required when called:    1
 This function calls:
		_Antibounce
 This function is called by:
		_N1
 This function uses a non-reentrant model


 *************** function _Reset_One_Shot_B2 *****************
 Defined at:
		line 455 in file "space shot.c"
 Parameters:    Size  Location     Type
		None
 Auto vars:     Size  Location     Type
		None
 Return value:  Size  Location     Type
                  1    wreg      void 
 Registers used:
		wreg, status,2, status,0, cstack
 Tracked objects:
		On entry : 
		On exit  : 
		Unchanged: 
 Data sizes:   COMRAMhhCOMRAMhhCOMRAMhhCOMRAMhl COMRAMl  BANK0h  BANK0l   BANK1   BANK2   BANK3   BANK4   BANK5   BANK6   BANK7   BANK8   BANK9  BANK10  BANK11  BANK12
      Params:         0       0       0       0       0       0       0       0       0       0       0       0       0       0       0       0       0       0       0
      Locals:         0       0       0       0       0       0       0       0       0       0       0       0       0       0       0       0       0       0       0
      Temps:          0       0       0       0       0       0       0       0       0       0       0       0       0       0       0       0       0       0       0
      Totals:         0       0       0       0       0       0       0       0       0       0       0       0       0       0       0       0       0       0       0
Total ram usage:        0 bytes
 Hardware stack levels used:    1
 Hardware stack levels required when called:    1
 This function calls:
		_Antibounce
 This function is called by:
		_N1
 This function uses a non-reentrant model


 *************** function _Reset_One_Shot_B1 *****************
 Defined at:
		line 434 in file "space shot.c"
 Parameters:    Size  Location     Type
		None
 Auto vars:     Size  Location     Type
		None
 Return value:  Size  Location     Type
                  1    wreg      void 
 Registers used:
		wreg, status,2, status,0, cstack
 Tracked objects:
		On entry : 
		On exit  : 
		Unchanged: 
 Data sizes:   COMRAMhhCOMRAMhhCOMRAMhhCOMRAMhl COMRAMl  BANK0h  BANK0l   BANK1   BANK2   BANK3   BANK4   BANK5   BANK6   BANK7   BANK8   BANK9  BANK10  BANK11  BANK12
      Params:         0       0       0       0       0       0       0       0       0       0       0       0       0       0       0       0       0       0       0
      Locals:         0       0       0       0       0       0       0       0       0       0       0       0       0       0       0       0       0       0       0
      Temps:          0       0       0       0       0       0       0       0       0       0       0       0       0       0       0       0       0       0       0
      Totals:         0       0       0       0       0       0       0       0       0       0       0       0       0       0       0       0       0       0       0
Total ram usage:        0 bytes
 Hardware stack levels used:    1
 Hardware stack levels required when called:    1
 This function calls:
		_Antibounce
 This function is called by:
		_N1
 This function uses a non-reentrant model


 *************** function _One_Shot_B5 *****************
 Defined at:
		line 506 in file "space shot.c"
 Parameters:    Size  Location     Type
		None
 Auto vars:     Size  Location     Type
		None
 Return value:  Size  Location     Type
                  1    wreg      void 
 Registers used:
		wreg, status,2, status,0, cstack
 Tracked objects:
		On entry : 
		On exit  : 
		Unchanged: 
 Data sizes:   COMRAMhhCOMRAMhhCOMRAMhhCOMRAMhl COMRAMl  BANK0h  BANK0l   BANK1   BANK2   BANK3   BANK4   BANK5   BANK6   BANK7   BANK8   BANK9  BANK10  BANK11  BANK12
      Params:         0       0       0       0       0       0       0       0       0       0       0       0       0       0       0       0       0       0       0
      Locals:         0       0       0       0       0       0       0       0       0       0       0       0       0       0       0       0       0       0       0
      Temps:          1       0       0       0       0       0       0       0       0       0       0       0       0       0       0       0       0       0       0
      Totals:         1       0       0       0       0       0       0       0       0       0       0       0       0       0       0       0       0       0       0
Total ram usage:        1 bytes
 Hardware stack levels used:    1
 Hardware stack levels required when called:    1
 This function calls:
		_Antibounce
 This function is called by:
		_N1
 This function uses a non-reentrant model


 *************** function _One_Shot_B4 *****************
 Defined at:
		line 485 in file "space shot.c"
 Parameters:    Size  Location     Type
		None
 Auto vars:     Size  Location     Type
		None
 Return value:  Size  Location     Type
                  1    wreg      void 
 Registers used:
		wreg, status,2, status,0, cstack
 Tracked objects:
		On entry : 
		On exit  : 
		Unchanged: 
 Data sizes:   COMRAMhhCOMRAMhhCOMRAMhhCOMRAMhl COMRAMl  BANK0h  BANK0l   BANK1   BANK2   BANK3   BANK4   BANK5   BANK6   BANK7   BANK8   BANK9  BANK10  BANK11  BANK12
      Params:         0       0       0       0       0       0       0       0       0       0       0       0       0       0       0       0       0       0       0
      Locals:         0       0       0       0       0       0       0       0       0       0       0       0       0       0       0       0       0       0       0
      Temps:          1       0       0       0       0       0       0       0       0       0       0       0       0       0       0       0       0       0       0
      Totals:         1       0       0       0       0       0       0       0       0       0       0       0       0       0       0       0       0       0       0
Total ram usage:        1 bytes
 Hardware stack levels used:    1
 Hardware stack levels required when called:    1
 This function calls:
		_Antibounce
 This function is called by:
		_N1
 This function uses a non-reentrant model


 *************** function _One_Shot_B3 *****************
 Defined at:
		line 464 in file "space shot.c"
 Parameters:    Size  Location     Type
		None
 Auto vars:     Size  Location     Type
		None
 Return value:  Size  Location     Type
                  1    wreg      void 
 Registers used:
		wreg, status,2, status,0, cstack
 Tracked objects:
		On entry : 
		On exit  : 
		Unchanged: 
 Data sizes:   COMRAMhhCOMRAMhhCOMRAMhhCOMRAMhl COMRAMl  BANK0h  BANK0l   BANK1   BANK2   BANK3   BANK4   BANK5   BANK6   BANK7   BANK8   BANK9  BANK10  BANK11  BANK12
      Params:         0       0       0       0       0       0       0       0       0       0       0       0       0       0       0       0       0       0       0
      Locals:         0       0       0       0       0       0       0       0       0       0       0       0       0       0       0       0       0       0       0
      Temps:          1       0       0       0       0       0       0       0       0       0       0       0       0       0       0       0       0       0       0
      Totals:         1       0       0       0       0       0       0       0       0       0       0       0       0       0       0       0       0       0       0
Total ram usage:        1 bytes
 Hardware stack levels used:    1
 Hardware stack levels required when called:    1
 This function calls:
		_Antibounce
 This function is called by:
		_N1
 This function uses a non-reentrant model


 *************** function _One_Shot_B2 *****************
 Defined at:
		line 443 in file "space shot.c"
 Parameters:    Size  Location     Type
		None
 Auto vars:     Size  Location     Type
		None
 Return value:  Size  Location     Type
                  1    wreg      void 
 Registers used:
		wreg, status,2, status,0, cstack
 Tracked objects:
		On entry : 
		On exit  : 
		Unchanged: 
 Data sizes:   COMRAMhhCOMRAMhhCOMRAMhhCOMRAMhl COMRAMl  BANK0h  BANK0l   BANK1   BANK2   BANK3   BANK4   BANK5   BANK6   BANK7   BANK8   BANK9  BANK10  BANK11  BANK12
      Params:         0       0       0       0       0       0       0       0       0       0       0       0       0       0       0       0       0       0       0
      Locals:         0       0       0       0       0       0       0       0       0       0       0       0       0       0       0       0       0       0       0
      Temps:          1       0       0       0       0       0       0       0       0       0       0       0       0       0       0       0       0       0       0
      Totals:         1       0       0       0       0       0       0       0       0       0       0       0       0       0       0       0       0       0       0
Total ram usage:        1 bytes
 Hardware stack levels used:    1
 Hardware stack levels required when called:    1
 This function calls:
		_Antibounce
 This function is called by:
		_N1
 This function uses a non-reentrant model


 *************** function _One_Shot_B1 *****************
 Defined at:
		line 422 in file "space shot.c"
 Parameters:    Size  Location     Type
		None
 Auto vars:     Size  Location     Type
		None
 Return value:  Size  Location     Type
                  1    wreg      void 
 Registers used:
		wreg, status,2, status,0, cstack
 Tracked objects:
		On entry : 
		On exit  : 
		Unchanged: 
 Data sizes:   COMRAMhhCOMRAMhhCOMRAMhhCOMRAMhl COMRAMl  BANK0h  BANK0l   BANK1   BANK2   BANK3   BANK4   BANK5   BANK6   BANK7   BANK8   BANK9  BANK10  BANK11  BANK12
      Params:         0       0       0       0       0       0       0       0       0       0       0       0       0       0       0       0       0       0       0
      Locals:         0       0       0       0       0       0       0       0       0       0       0       0       0       0       0       0       0       0       0
      Temps:          1       0       0       0       0       0       0       0       0       0       0       0       0       0       0       0       0       0       0
      Totals:         1       0       0       0       0       0       0       0       0       0       0       0       0       0       0       0       0       0       0
Total ram usage:        1 bytes
 Hardware stack levels used:    1
 Hardware stack levels required when called:    1
 This function calls:
		_Antibounce
 This function is called by:
		_N1
 This function uses a non-reentrant model


 *************** function _Antibounce *****************
 Defined at:
		line 360 in file "space shot.c"
 Parameters:    Size  Location     Type
		None
 Auto vars:     Size  Location     Type
  L2REG           1    2[COMRAM] unsigned char 
  L1REG           1    1[COMRAM] unsigned char 
 Return value:  Size  Location     Type
                  1    wreg      void 
 Registers used:
		wreg, status,2, status,0
 Tracked objects:
		On entry : 
		On exit  : 
		Unchanged: 
 Data sizes:   COMRAMhhCOMRAMhhCOMRAMhhCOMRAMhl COMRAMl  BANK0h  BANK0l   BANK1   BANK2   BANK3   BANK4   BANK5   BANK6   BANK7   BANK8   BANK9  BANK10  BANK11  BANK12
      Params:         0       0       0       0       0       0       0       0       0       0       0       0       0       0       0       0       0       0       0
      Locals:         2       0       0       0       0       0       0       0       0       0       0       0       0       0       0       0       0       0       0
      Temps:          1       0       0       0       0       0       0       0       0       0       0       0       0       0       0       0       0       0       0
      Totals:         3       0       0       0       0       0       0       0       0       0       0       0       0       0       0       0       0       0       0
Total ram usage:        3 bytes
 Hardware stack levels used:    1
 This function calls:
		Nothing
 This function is called by:
		_One_Shot_N1
		_Reset_One_Shot_N1
		_One_Shot_N2
		_Reset_One_Shot_N2
		_One_Shot_N3
		_Reset_One_Shot_N3
		_One_Shot_B1
		_Reset_One_Shot_B1
		_One_Shot_B2
		_Reset_One_Shot_B2
		_One_Shot_B3
		_Reset_One_Shot_B3
		_One_Shot_B4
		_Reset_One_Shot_B4
		_One_Shot_B5
		_Reset_One_Shot_B5
 This function uses a non-reentrant model



MODULE INFORMATION

Module		Function		Class		Link	Load	Size
space shot.c
		_Dificultad    		CODE           	1928	0000	147
		_Reset_One_Shot_B1		CODE           	1F58	0000	19
		_Reset_One_Shot_B2		CODE           	1F46	0000	19
		_Servo_In      		CODE           	1C6C	0000	57
		_Reset_One_Shot_B3		CODE           	1F34	0000	19
		_Reset_One_Shot_B4		CODE           	1F22	0000	19
		_Reset_One_Shot_B5		CODE           	1F10	0000	19
		_Reset_One_Shot_N1		CODE           	1EEC	0000	19
		_One_Shot_B1   		CODE           	1DD8	0000	43
		_One_Shot_B2   		CODE           	1DAE	0000	43
		_One_Shot_B3   		CODE           	1D84	0000	43
		_One_Shot_B4   		CODE           	1D5A	0000	43
		_One_Shot_B5   		CODE           	1D30	0000	43
		_One_Shot_N1   		CODE           	1E9C	0000	25
		_One_Shot_N2   		CODE           	1E84	0000	25
		_One_Shot_N3   		CODE           	1E6C	0000	25
		_Reset_One_Shot_N2		CODE           	1EDA	0000	19
		_Reset_One_Shot_N3		CODE           	1EC8	0000	19
		_Menu1         		CODE           	1896	0000	147
		_main          		CODE           	19BA	0000	143
		_Resultado     		CODE           	15E8	0000	221
		_Menu2         		CODE           	1804	0000	147
		_LCDdisplay    		CODE           	1F88	0000	15
		_Command       		CODE           	1F7A	0000	15
		_Bienvenido    		CODE           	1A48	0000	141
		_LCDready      		CODE           	1E38	0000	27
		_LongDelay     		CODE           	1E1E	0000	27
		_ShortDelay    		CODE           	1EB4	0000	21
		_Menu3         		CODE           	16C4	0000	161
		_Antibounce    		CODE           	1E02	0000	29
		_IRH           		CODE           	0008	0000	175
		_LCDsetup      		CODE           	1CD8	0000	45
		_N1            		CODE           	0D02	0000	1395
		_N2            		CODE           	142E	0000	443
		_N3            		CODE           	1274	0000	443

space shot.c estimated size: 4241

C:\Program Files (x86)\Microchip\xc8\v1.38\sources\common\awmod.c
		___awmod       		CODE           	1AD4	0000	113

C:\Program Files (x86)\Microchip\xc8\v1.38\sources\common\awmod.c estimated size: 113

C:\Program Files (x86)\Microchip\xc8\v1.38\sources\common\rand.c
		_srand         		CODE           	1F6A	0000	17
		_rand          		CODE           	1B44	0000	89

C:\Program Files (x86)\Microchip\xc8\v1.38\sources\common\rand.c estimated size: 106

C:\Program Files (x86)\Microchip\xc8\v1.38\sources\common\Umul32.c
		___lmul        		CODE           	1B9C	0000	87

C:\Program Files (x86)\Microchip\xc8\v1.38\sources\common\Umul32.c estimated size: 87

shared
		_NIVEL1        		CODE           	0040	0000	9
		i2_Command     		CODE           	1F96	0000	15
		i2_LCDdisplay  		CODE           	1FA4	0000	15
		i2_LCDready    		CODE           	1E52	0000	27
		_INICIO        		CODE           	0020	0000	12
		_NIVEL2        		CODE           	0050	0000	9
		i2_ShortDelay  		CODE           	1FB2	0000	15
		i2_LCDsetup    		CODE           	1D04	0000	45
		__initialization		CODE           	1BF2	0000	51
		i2_Servo_In    		CODE           	1CA4	0000	53
		i2_LongDelay   		CODE           	1EFE	0000	19
		_DIFICULTAD    		CODE           	0030	0000	13
		_NIVEL3        		CODE           	0060	0000	11
		_RESULTADO     		CODE           	0070	0000	18

shared estimated size: 312

C:\Program Files (x86)\Microchip\xc8\v1.38\sources\common\lbdiv.c
		___lbdiv       		CODE           	1C32	0000	59

C:\Program Files (x86)\Microchip\xc8\v1.38\sources\common\lbdiv.c estimated size: 59

